main
type option-8
type loc-9
type val-10
type payloadRec-11
type payloadRes-12
operation opReq-0 : payloadRec-11 × int-1
operation opRes-1 : payloadRes-12 × int-1
↑opReq-0 (AllocReq-6 0, 0), id=1
↑opRes-1 (AllocRes-9 0, 0), id=0
↑opReq-0 (AllocReq-6 10, 1), id=1
↑opRes-1 (AllocRes-9 1, 1), id=0
↑opReq-0 (UpdateReq-5 (0, 10), 2), id=1
↑opRes-1 (UpdateRes-8 (), 2), id=0
↑opReq-0 (LookupReq-4 0, 3), id=1
↑opRes-1 (LookupRes-7 10, 3), id=0
↑opReq-0 (UpdateReq-5 (1, 14), 4), id=1
↑opRes-1 (UpdateRes-8 (), 4), id=0
↑opReq-0 (LookupReq-4 0, 5), id=1
↑opRes-1 (LookupRes-7 10, 5), id=0
↑opReq-0 (LookupReq-4 1, 6), id=1
↑opRes-1 (LookupRes-7 14, 6), id=0
The program has terminated in the configuration:
Conf
  id = 0;
  res = promise (opReq-0 (reqPayload-235, callNo-234) ↦
                                let (heap'-249, resPayload-248) =
                                   match reqPayload-235 with (LookupReq-4 
                                                              l-236 ↦ 
                                                              let v-238 =
                                                                 let
                                                                    var-237 =
                                                                    lookupHeap-211
                                                                    ((
                                                                    1, 14)::(
                                                                    0, 10)::[]) in
                                                                 var-237
                                                                 l-236 in
                                                              return-205
                                                              ((1, 14)::(
                                                               0, 10)::[], 
                                                               LookupRes-7 
                                                               v-238) | 
                                                              UpdateReq-5 
                                                              (l-240, v-239) ↦ 
                                                              let heap'-243 =
                                                                 let
                                                                    var-241 =
                                                                    let
                                                                    
                                                                    var-242 =
                                                                    updateHeap-218
                                                                    ((
                                                                    1, 14)::(
                                                                    0, 10)::[]) in
                                                                    var-242
                                                                    l-240 in
                                                                 var-241
                                                                 v-239 in
                                                              return-205
                                                              (heap'-243, 
                                                               UpdateRes-8 
                                                               ()) | 
                                                              AllocReq-6 
                                                              v-244 ↦ 
                                                              let
                                                                 (heap'-247, 
                                                                  l-246) =
                                                                 let
                                                                    var-245 =
                                                                    allocHeap-228
                                                                    ((
                                                                    1, 14)::(
                                                                    0, 10)::[]) in
                                                                 var-245
                                                                 v-244 in
                                                              return-205
                                                              (heap'-247, 
                                                               AllocRes-9 
                                                               l-246)) in
                                ↑opRes-1((resPayload-248, callNo-234),
                                           return ());
                                (rec heapRunner-232 ...) heap'-249)
                       as p-250 in
                       return p-250
Conf
  id = 1;
  res = (10, 14)
