type option-8
type loc-9
type val-10
type payloadRec-11
type payloadRes-12
operation opReq-0 : payloadRec-11 × int-1
operation opRes-1 : payloadRes-12 × int-1
↑opReq-0 (AllocReq-6 0, 0), id=1
↑opRes-1 (AllocRes-9 0, 0), id=0
↑opReq-0 (AllocReq-6 10, 1), id=1
↑opRes-1 (AllocRes-9 1, 1), id=0
↑opReq-0 (UpdateReq-5 (0, 10), 2), id=1
↑opRes-1 (UpdateRes-8 (), 2), id=0
↑opReq-0 (LookupReq-4 0, 3), id=1
↑opRes-1 (LookupRes-7 10, 3), id=0
↑opReq-0 (UpdateReq-5 (1, 14), 4), id=1
↑opRes-1 (UpdateRes-8 (), 4), id=0
↑opReq-0 (LookupReq-4 0, 5), id=1
↑opRes-1 (LookupRes-7 10, 5), id=0
↑opReq-0 (LookupReq-4 1, 6), id=1
↑opRes-1 (LookupRes-7 14, 6), id=0
The program has terminated in the configuration:
Conf
  id = 0;
  res = promise (opReq-0 (reqPayload-849, callNo-848) ↦
                                let (heap'-851, resPayload-850) =
                                   match reqPayload-849 with (LookupReq-4 
                                                              l-852 ↦ 
                                                              let v-853 =
                                                                 let
                                                                    var-854 =
                                                                    lookupHeap-211
                                                                    ((
                                                                    1, 14)::(
                                                                    0, 10)::[]) in
                                                                 var-854
                                                                 l-852 in
                                                              return-205
                                                              ((1, 14)::(
                                                               0, 10)::[], 
                                                               LookupRes-7 
                                                               v-853) | 
                                                              UpdateReq-5 
                                                              (l-856, v-855) ↦ 
                                                              let heap'-857 =
                                                                 let
                                                                    var-858 =
                                                                    let
                                                                    
                                                                    var-859 =
                                                                    updateHeap-218
                                                                    ((
                                                                    1, 14)::(
                                                                    0, 10)::[]) in
                                                                    var-859
                                                                    l-856 in
                                                                 var-858
                                                                 v-855 in
                                                              return-205
                                                              (heap'-857, 
                                                               UpdateRes-8 
                                                               ()) | 
                                                              AllocReq-6 
                                                              v-860 ↦ 
                                                              let
                                                                 (heap'-862, 
                                                                  l-861) =
                                                                 let
                                                                    var-863 =
                                                                    allocHeap-228
                                                                    ((
                                                                    1, 14)::(
                                                                    0, 10)::[]) in
                                                                 var-863
                                                                 v-860 in
                                                              return-205
                                                              (heap'-862, 
                                                               AllocRes-9 
                                                               l-861)) in
                                ↑opRes-1((resPayload-850, callNo-848),
                                           return ());
                                (rec heapRunner-935 ...) heap'-851)
                       as p-847 in
                       return p-847
Conf
  id = 1;
  res = (10, 14)
