type option-8
operation stop-0 : int
operation go-1 : int
The program has terminated in the configuration:
Conf
  id = 0;
Await
res = promise (stop-0 threadID'-213 k1-212 ↦
                     let var-214 = (=)-0 (2, threadID'-213) in
                     match var-214 with (true ↦ promise (go-1 threadID'-216 k2-215 ↦
                                                           let var-217 =
                                                              (=)-0
                                                              (2, 
                                                               threadID'-216) in
                                                           match var-217 with (
                                                           true ↦ return ⟨()⟩ | 
                                                           false ↦ 
                                                           k2-215 ()))
                                                  as p-218 in
                                                  await p-218 until ⟨_⟩ in
                                                  k1-212 () | 
                                         false ↦ k1-212 ()))
            as p-219 in
            return 50
Conf
  id = 1;
Await
res = promise (stop-0 threadID'-213 k1-212 ↦
                     let var-214 = (=)-0 (1, threadID'-213) in
                     match var-214 with (true ↦ promise (go-1 threadID'-216 k2-215 ↦
                                                           let var-217 =
                                                              (=)-0
                                                              (1, 
                                                               threadID'-216) in
                                                           match var-217 with (
                                                           true ↦ return ⟨()⟩ | 
                                                           false ↦ 
                                                           k2-215 ()))
                                                  as p-218 in
                                                  await p-218 until ⟨_⟩ in
                                                  k1-212 () | 
                                         false ↦ k1-212 ()))
            as p-219 in
            return 5
