type option-8
operation call-0 : int-1 × int-1
operation result-1 : int-1 × int-1
↑call-0 (3, 1), id=1
↑call-0 (2, 0), id=1
↑result-1 (240, 0), id=0
↑result-1 (360, 1), id=0
The program has terminated in the configuration:
Conf
  id = 0;
Await
res = promise (call-0 (x-289, callNo-288) ↦
                     let y-290 =
                        (fun x-291 ↦ let var-292 =
                                          let var-293 = (*)-8 (6, x-291) in
                                          (*)-8 (5, var-293) in
                                       (*)-8 (4, var-292))
                        x-289 in
                     ↑result-1((y-290, callNo-288), return ());
                     (rec loop-295 ...) ())
            as p-287 in
            return p-287
Conf
  id = 1;
Done
res = 187200
